projects/amazon-trend-analyzer/qb_chunks/page_064_skip064000.csv
ASIN Buyability Flag,asin_status,CVR%,revenue,asp,units,gv,Images #,Videos #,Has A+ Content,Buybox Winner,Average Rating,Number of Ratings,bb_price,Ad CTR%,Ad CVR%,bsr,brand,Ad CPC$,ASIN (Description),Update Type,Sold By Amazon,Has Coupon?,Has Store Link?,In Stock Today?,category,Sellable On Hand Units,asin,date,Ad Cost,Ad Sales,Ad Clicks,Ad Impressions,Ad Conversions
In Stock,ACTIVE,0.105,38.0,18.93,2.0,19.0,10.0,0.0,True,,4.6,7822.0,18.99,0.0,,21.0,Burt's Bees,,"B07J6QLTTX (Burts Bees Multipurpose Wipes with Honey, 50 Count - 3-Pack)",[],True,True,True,False,Grooming,781.0,B07J6QLTTX,2025-12-14,0.0,0.0,0.0,215.0,0.0
In Stock,ACTIVE,0.19,76.0,18.99,4.0,21.0,10.0,0.0,True,,4.6,7821.0,18.99,0.0,,20.0,Burt's Bees,,"B07J6QLTTX (Burts Bees Multipurpose Wipes with Honey, 50 Count - 3-Pack)",[],True,True,True,False,Grooming,791.0,B07J6QLTTX,2025-12-13,0.0,0.0,0.0,269.0,0.0
In Stock,ACTIVE,0.364,76.0,18.99,4.0,11.0,10.0,0.0,True,,4.6,7821.0,18.99,0.0,,19.0,Burt's Bees,,"B07J6QLTTX (Burts Bees Multipurpose Wipes with Honey, 50 Count - 3-Pack)",[],True,False,True,False,Grooming,787.0,B07J6QLTTX,2025-12-12,0.0,0.0,0.0,237.0,0.0
In Stock,ACTIVE,0.409,171.0,18.99,9.0,22.0,10.0,0.0,True,,4.6,7822.0,23.97,0.0,,21.0,Burt's Bees,,"B07J6QLTTX (Burts Bees Multipurpose Wipes with Honey, 50 Count - 3-Pack)",[],True,False,True,False,Grooming,791.0,B07J6QLTTX,2025-12-11,0.0,0.0,0.0,165.0,0.0
In Stock,ACTIVE,0.176,108.0,18.06,6.0,34.0,10.0,0.0,True,,4.6,7822.0,21.57,0.0,,21.0,Burt's Bees,,"B07J6QLTTX (Burts Bees Multipurpose Wipes with Honey, 50 Count - 3-Pack)",[],True,False,True,False,Grooming,797.0,B07J6QLTTX,2025-12-10,0.0,0.0,0.0,41.0,0.0
In Stock,ACTIVE,0.625,98.0,19.59,5.0,8.0,10.0,0.0,True,,4.6,7818.0,21.57,0.1111111111111111,0.0,24.0,Burt's Bees,2.23,"B07J6QLTTX (Burts Bees Multipurpose Wipes with Honey, 50 Count - 3-Pack)",[],True,False,True,False,Grooming,797.0,B07J6QLTTX,2025-12-09,2.23,0.0,1.0,9.0,0.0
In Stock,ACTIVE,0.333,41.0,20.34,2.0,6.0,10.0,0.0,True,,4.6,7818.0,19.1,,,24.0,Burt's Bees,,"B07J6QLTTX (Burts Bees Multipurpose Wipes with Honey, 50 Count - 3-Pack)",[],True,False,True,False,Grooming,805.0,B07J6QLTTX,2025-12-08,0.0,0.0,0.0,0.0,0.0
In Stock,ACTIVE,0.5,153.0,19.1,8.0,16.0,10.0,0.0,True,,4.6,7818.0,19.1,0.0,,24.0,Burt's Bees,,"B07J6QLTTX (Burts Bees Multipurpose Wipes with Honey, 50 Count - 3-Pack)",[],True,False,True,False,Grooming,803.0,B07J6QLTTX,2025-12-07,0.0,0.0,0.0,101.0,0.0
In Stock,ACTIVE,0.4,57.0,14.32,4.0,10.0,10.0,0.0,True,,4.6,7818.0,19.1,0.0,,24.0,Burt's Bees,,"B07J6QLTTX (Burts Bees Multipurpose Wipes with Honey, 50 Count - 3-Pack)",[],True,False,True,False,Grooming,817.0,B07J6QLTTX,2025-12-06,0.0,0.0,0.0,118.0,0.0
In Stock,ACTIVE,0.6,115.0,19.1,6.0,10.0,10.0,0.0,True,,4.6,7817.0,19.1,0.0,,23.0,Burt's Bees,,"B07J6QLTTX (Burts Bees Multipurpose Wipes with Honey, 50 Count - 3-Pack)",[],True,False,True,False,Grooming,833.0,B07J6QLTTX,2025-12-05,0.0,0.0,0.0,86.0,0.0
In Stock,ACTIVE,0.375,57.0,19.1,3.0,8.0,10.0,0.0,True,,4.6,7817.0,19.1,0.0,,23.0,Burt's Bees,,"B07J6QLTTX (Burts Bees Multipurpose Wipes with Honey, 50 Count - 3-Pack)",[],True,False,True,False,Grooming,838.0,B07J6QLTTX,2025-12-04,0.0,0.0,0.0,156.0,0.0
In Stock,ACTIVE,0.5329999999999999,117.0,14.57,8.0,15.0,10.0,0.0,True,,4.6,7816.0,19.1,0.0,,25.0,Burt's Bees,,"B07J6QLTTX (Burts Bees Multipurpose Wipes with Honey, 50 Count - 3-Pack)",[],True,False,True,False,Grooming,844.0,B07J6QLTTX,2025-12-03,0.0,0.0,0.0,100.0,0.0
In Stock,ACTIVE,0.7,134.0,19.1,7.0,10.0,10.0,0.0,True,,4.6,7810.0,19.1,0.0,,26.0,Burt's Bees,,"B07J6QLTTX (Burts Bees Multipurpose Wipes with Honey, 50 Count - 3-Pack)",[],True,False,True,False,Grooming,863.0,B07J6QLTTX,2025-12-02,0.0,0.0,0.0,77.0,0.0
In Stock,ACTIVE,0.778,267.0,19.1,14.0,18.0,10.0,0.0,True,,4.6,7810.0,19.1,0.0,,25.0,Burt's Bees,,"B07J6QLTTX (Burts Bees Multipurpose Wipes with Honey, 50 Count - 3-Pack)",[],True,False,True,False,Grooming,878.0,B07J6QLTTX,2025-12-01,0.0,0.0,0.0,128.0,0.0
In Stock,ACTIVE,0.292,134.0,19.1,7.0,24.0,10.0,0.0,True,,4.6,7810.0,19.1,0.0,,23.0,Burt's Bees,,"B07J6QLTTX (Burts Bees Multipurpose Wipes with Honey, 50 Count - 3-Pack)",[],True,False,True,False,Grooming,888.0,B07J6QLTTX,2025-11-30,0.0,0.0,0.0,50.0,0.0
In Stock,ACTIVE,0.471,153.0,19.1,8.0,17.0,10.0,0.0,True,,4.6,7810.0,19.1,0.0,,26.0,Burt's Bees,,"B07J6QLTTX (Burts Bees Multipurpose Wipes with Honey, 50 Count - 3-Pack)",[],True,False,True,False,Grooming,891.0,B07J6QLTTX,2025-11-29,0.0,0.0,0.0,18.0,0.0
In Stock,ACTIVE,0.455,96.0,19.1,5.0,11.0,10.0,0.0,True,,4.6,7810.0,19.1,0.0,,25.0,Burt's Bees,,"B07J6QLTTX (Burts Bees Multipurpose Wipes with Honey, 50 Count - 3-Pack)",[],True,False,True,False,Grooming,895.0,B07J6QLTTX,2025-11-28,0.0,0.0,0.0,25.0,0.0
In Stock,ACTIVE,-3.333,-13.0,1.3,-10.0,3.0,10.0,0.0,True,,4.6,7810.0,19.1,0.0,,24.0,Burt's Bees,,"B07J6QLTTX (Burts Bees Multipurpose Wipes with Honey, 50 Count - 3-Pack)",[],True,False,True,False,Grooming,903.0,B07J6QLTTX,2025-11-27,0.0,0.0,0.0,57.0,0.0
In Stock,ACTIVE,0.429,115.0,19.1,6.0,14.0,10.0,0.0,True,,4.6,7797.0,19.1,0.0,,24.0,Burt's Bees,,"B07J6QLTTX (Burts Bees Multipurpose Wipes with Honey, 50 Count - 3-Pack)",[],True,False,True,False,Grooming,907.0,B07J6QLTTX,2025-11-26,0.0,0.0,0.0,57.0,0.0
In Stock,ACTIVE,0.346,172.0,19.1,9.0,26.0,10.0,0.0,True,,4.6,7809.0,19.1,,,26.0,Burt's Bees,,"B07J6QLTTX (Burts Bees Multipurpose Wipes with Honey, 50 Count - 3-Pack)",[],True,False,True,False,Grooming,914.0,B07J6QLTTX,2025-11-25,0.0,0.0,0.0,0.0,0.0
In Stock,ACTIVE,-0.478,41.0,-3.73,-11.0,23.0,10.0,0.0,True,,4.6,7817.0,22.41,0.0,,28.0,Burt's Bees,,"B07J6QLTTX (Burts Bees Multipurpose Wipes with Honey, 50 Count - 3-Pack)",[],True,False,True,False,Grooming,923.0,B07J6QLTTX,2025-11-24,0.0,0.0,0.0,97.0,0.0
In Stock,ACTIVE,2.286,326.0,6.78,48.0,21.0,10.0,0.0,True,,4.6,325.0,22.41,,,119.0,Burt's Bees,,"B07J6QLTTX (Burts Bees Multipurpose Wipes with Honey, 50 Count - 3-Pack)",[],True,False,True,False,Grooming,925.0,B07J6QLTTX,2025-11-23,0.0,0.0,0.0,0.0,0.0
In Stock,ACTIVE,-0.25,32.0,-31.62,-1.0,4.0,10.0,0.0,True,,4.6,325.0,23.97,,,136.0,Burt's Bees,,"B07J6QLTTX (Burts Bees Multipurpose Wipes with Honey, 50 Count - 3-Pack)",[],True,True,True,False,Grooming,929.0,B07J6QLTTX,2025-11-22,,,,,
In Stock,ACTIVE,0.6,211.0,23.45,9.0,15.0,10.0,0.0,True,,4.6,315.0,23.97,,,134.0,Burt's Bees,,"B07J6QLTTX (Burts Bees Multipurpose Wipes with Honey, 50 Count - 3-Pack)",[],True,True,True,False,Grooming,936.0,B07J6QLTTX,2025-11-21,,,,,
In Stock,ACTIVE,0.8,179.0,22.36,8.0,10.0,10.0,0.0,True,,4.6,7802.0,26.88,,,27.0,Burt's Bees,,"B07J6QLTTX (Burts Bees Multipurpose Wipes with Honey, 50 Count - 3-Pack)",[],True,True,True,False,Grooming,942.0,B07J6QLTTX,2025-11-20,,,,,
In Stock,ACTIVE,0.2,108.0,26.88,4.0,20.0,10.0,0.0,True,,4.6,7803.0,26.88,,,29.0,Burt's Bees,,"B07J6QLTTX (Burts Bees Multipurpose Wipes with Honey, 50 Count - 3-Pack)",[],True,True,True,False,Grooming,944.0,B07J6QLTTX,2025-11-19,,,,,
In Stock,ACTIVE,0.75,229.0,38.12,6.0,8.0,10.0,0.0,True,,4.6,7802.0,26.88,,,31.0,Burt's Bees,,"B07J6QLTTX (Burts Bees Multipurpose Wipes with Honey, 50 Count - 3-Pack)",[],True,True,True,False,Grooming,954.0,B07J6QLTTX,2025-11-18,,,,,
In Stock,ACTIVE,0.263,119.0,23.84,5.0,19.0,10.0,0.0,True,,4.6,7802.0,22.41,,,28.0,Burt's Bees,,"B07J6QLTTX (Burts Bees Multipurpose Wipes with Honey, 50 Count - 3-Pack)",[],True,True,True,False,Grooming,973.0,B07J6QLTTX,2025-11-17,,,,,
In Stock,ACTIVE,-0.667,37.0,-4.62,-8.0,12.0,10.0,0.0,True,,4.6,7801.0,22.41,,,28.0,Burt's Bees,,"B07J6QLTTX (Burts Bees Multipurpose Wipes with Honey, 50 Count - 3-Pack)",[],True,True,True,False,Grooming,978.0,B07J6QLTTX,2025-11-16,,,,,
In Stock,ACTIVE,0.071,22.0,22.41,1.0,14.0,10.0,0.0,True,,4.6,7801.0,22.41,,,26.0,Burt's Bees,,"B07J6QLTTX (Burts Bees Multipurpose Wipes with Honey, 50 Count - 3-Pack)",[],True,True,True,False,Grooming,984.0,B07J6QLTTX,2025-11-15,,,,,
In Stock,ACTIVE,0.105,45.0,22.41,2.0,19.0,10.0,0.0,True,,4.6,7801.0,22.41,,,25.0,Burt's Bees,,"B07J6QLTTX (Burts Bees Multipurpose Wipes with Honey, 50 Count - 3-Pack)",[],True,True,True,False,Grooming,996.0,B07J6QLTTX,2025-11-14,,,,,
In Stock,ACTIVE,0.5710000000000001,179.0,22.41,8.0,14.0,10.0,0.0,True,,4.6,7801.0,22.41,,,27.0,Burt's Bees,,"B07J6QLTTX (Burts Bees Multipurpose Wipes with Honey, 50 Count - 3-Pack)",[],True,True,True,False,Grooming,1002.0,B07J6QLTTX,2025-11-13,,,,,
In Stock,ACTIVE,0.95,160.0,8.43,19.0,20.0,10.0,0.0,True,,4.6,7802.0,22.41,,,27.0,Burt's Bees,,"B07J6QLTTX (Burts Bees Multipurpose Wipes with Honey, 50 Count - 3-Pack)",[],True,True,True,False,Grooming,1016.0,B07J6QLTTX,2025-11-12,,,,,
In Stock,ACTIVE,0.778,437.0,7.8,56.0,72.0,10.0,0.0,True,,4.6,7802.0,26.88,,,27.0,Burt's Bees,,"B07J6QLTTX (Burts Bees Multipurpose Wipes with Honey, 50 Count - 3-Pack)",[],True,True,True,False,Grooming,1036.0,B07J6QLTTX,2025-11-11,,,,,
In Stock,ACTIVE,2.333,154.0,21.99,7.0,3.0,10.0,0.0,True,,4.6,7801.0,26.88,,,27.0,Burt's Bees,,"B07J6QLTTX (Burts Bees Multipurpose Wipes with Honey, 50 Count - 3-Pack)",[],True,True,True,False,Grooming,1037.0,B07J6QLTTX,2025-11-10,,,,,
In Stock,ACTIVE,0.429,134.0,22.41,6.0,14.0,10.0,0.0,True,,4.6,7800.0,22.41,,,27.0,Burt's Bees,,"B07J6QLTTX (Burts Bees Multipurpose Wipes with Honey, 50 Count - 3-Pack)",[],True,False,True,False,Grooming,713.0,B07J6QLTTX,2025-11-09,,,,,
In Stock,ACTIVE,0.308,74.0,9.29,8.0,26.0,10.0,0.0,True,,4.6,7800.0,23.97,,,27.0,Burt's Bees,,"B07J6QLTTX (Burts Bees Multipurpose Wipes with Honey, 50 Count - 3-Pack)",[],True,True,True,False,Grooming,657.0,B07J6QLTTX,2025-11-08,,,,,
In Stock,ACTIVE,0.7140000000000001,138.0,27.65,5.0,7.0,10.0,0.0,True,,4.6,7798.0,26.88,,,27.0,Burt's Bees,,"B07J6QLTTX (Burts Bees Multipurpose Wipes with Honey, 50 Count - 3-Pack)",[],True,True,True,False,Grooming,565.0,B07J6QLTTX,2025-11-07,,,,,
In Stock,ACTIVE,0.2,50.0,25.05,2.0,10.0,10.0,0.0,True,,4.6,7798.0,23.97,,,26.0,Burt's Bees,,"B07J6QLTTX (Burts Bees Multipurpose Wipes with Honey, 50 Count - 3-Pack)",[],True,True,True,False,Grooming,1030.0,B07J6QLTTX,2025-11-05,,,,,
In Stock,ACTIVE,0.263,93.0,18.68,5.0,19.0,10.0,0.0,True,,4.6,7797.0,23.97,,,26.0,Burt's Bees,,"B07J6QLTTX (Burts Bees Multipurpose Wipes with Honey, 50 Count - 3-Pack)",[],True,True,True,True,Grooming,502.0,B07J6QLTTX,2025-11-04,,,,,
In Stock,ACTIVE,0.5710000000000001,166.0,20.78,8.0,14.0,10.0,0.0,True,,4.6,7796.0,23.73,,,25.0,Burt's Bees,,"B07J6QLTTX (Burts Bees Multipurpose Wipes with Honey, 50 Count - 3-Pack)",[],True,True,True,True,Grooming,511.0,B07J6QLTTX,2025-11-03,,,,,
In Stock,ACTIVE,1.0,194.0,21.55,9.0,9.0,10.0,0.0,True,,4.6,7795.0,23.73,,,26.0,Burt's Bees,,"B07J6QLTTX (Burts Bees Multipurpose Wipes with Honey, 50 Count - 3-Pack)",[],True,True,True,True,Grooming,522.0,B07J6QLTTX,2025-11-02,,,,,
In Stock,ACTIVE,0.5710000000000001,190.0,23.73,8.0,14.0,10.0,0.0,True,,4.6,7795.0,23.73,,,26.0,Burt's Bees,,"B07J6QLTTX (Burts Bees Multipurpose Wipes with Honey, 50 Count - 3-Pack)",[],True,False,True,True,Grooming,528.0,B07J6QLTTX,2025-11-01,,,,,
In Stock,ACTIVE,1.0,194.0,12.16,16.0,16.0,10.0,0.0,True,,4.6,7797.0,21.57,,,26.0,Burt's Bees,,"B07J6QLTTX (Burts Bees Multipurpose Wipes with Honey, 50 Count - 3-Pack)",[],True,False,True,True,Grooming,539.0,B07J6QLTTX,2025-10-31,,,,,
In Stock,ACTIVE,0.833,107.0,21.44,5.0,6.0,10.0,0.0,True,,4.6,7796.0,15.96,,,25.0,Burt's Bees,,"B07J6QLTTX (Burts Bees Multipurpose Wipes with Honey, 50 Count - 3-Pack)",[],True,True,True,True,Grooming,541.0,B07J6QLTTX,2025-10-30,,,,,
In Stock,ACTIVE,0.545,96.0,15.96,6.0,11.0,10.0,0.0,True,,4.6,7795.0,15.95,,,26.0,Burt's Bees,,"B07J6QLTTX (Burts Bees Multipurpose Wipes with Honey, 50 Count - 3-Pack)",[],True,True,True,True,Grooming,549.0,B07J6QLTTX,2025-10-29,,,,,
In Stock,ACTIVE,0.733,170.0,15.44,11.0,15.0,10.0,0.0,True,,4.6,7794.0,21.36,,,25.0,Burt's Bees,,"B07J6QLTTX (Burts Bees Multipurpose Wipes with Honey, 50 Count - 3-Pack)",[],True,True,True,False,Grooming,561.0,B07J6QLTTX,2025-10-28,,,,,
In Stock,ACTIVE,0.857,123.0,20.47,6.0,7.0,10.0,0.0,True,,4.6,7795.0,21.36,,,25.0,Burt's Bees,,"B07J6QLTTX (Burts Bees Multipurpose Wipes with Honey, 50 Count - 3-Pack)",[],True,True,True,False,Grooming,564.0,B07J6QLTTX,2025-10-27,,,,,
In Stock,ACTIVE,0.091,21.0,21.36,1.0,11.0,10.0,0.0,True,,4.6,7794.0,21.36,,,24.0,Burt's Bees,,"B07J6QLTTX (Burts Bees Multipurpose Wipes with Honey, 50 Count - 3-Pack)",[],True,True,True,False,Grooming,566.0,B07J6QLTTX,2025-10-26,,,,,
In Stock,ACTIVE,0.375,64.0,21.36,3.0,8.0,10.0,0.0,True,,4.6,7794.0,21.36,,,26.0,Burt's Bees,,"B07J6QLTTX (Burts Bees Multipurpose Wipes with Honey, 50 Count - 3-Pack)",[],True,True,True,False,Grooming,566.0,B07J6QLTTX,2025-10-25,,,,,
In Stock,ACTIVE,0.667,85.0,21.36,4.0,6.0,10.0,0.0,True,,4.6,7828.0,16.0,,,27.0,Burt's Bees,,"B07J6QLTTX (Burts Bees Multipurpose Wipes with Honey, 50 Count - 3-Pack)",[],True,True,True,False,Grooming,576.0,B07J6QLTTX,2025-10-24,,,,,
In Stock,ACTIVE,1.0,192.0,15.99,12.0,12.0,10.0,0.0,True,,4.6,1418.0,16.0,,,38.0,Burt's Bees,,"B07J6QLTTX (Burts Bees Multipurpose Wipes with Honey, 50 Count - 3-Pack)",[],True,False,True,False,Grooming,586.0,B07J6QLTTX,2025-10-23,,,,,
In Stock,ACTIVE,0.647,198.0,18.03,11.0,17.0,10.0,0.0,True,,4.6,1418.0,16.0,,,40.0,Burt's Bees,,"B07J6QLTTX (Burts Bees Multipurpose Wipes with Honey, 50 Count - 3-Pack)",[],True,False,True,False,Grooming,596.0,B07J6QLTTX,2025-10-22,,,,,
In Stock,ACTIVE,0.909,216.0,21.57,10.0,11.0,10.0,0.0,True,,4.6,1417.0,21.57,,,40.0,Burt's Bees,,"B07J6QLTTX (Burts Bees Multipurpose Wipes with Honey, 50 Count - 3-Pack)",[],True,False,True,False,Grooming,606.0,B07J6QLTTX,2025-10-21,,,,,
In Stock,ACTIVE,0.375,62.0,20.77,3.0,8.0,10.0,0.0,True,,4.6,1417.0,21.57,,,40.0,Burt's Bees,,"B07J6QLTTX (Burts Bees Multipurpose Wipes with Honey, 50 Count - 3-Pack)",[],True,True,True,False,Grooming,613.0,B07J6QLTTX,2025-10-20,,,,,
In Stock,ACTIVE,0.375,59.0,19.68,3.0,8.0,10.0,0.0,True,,4.6,1417.0,21.57,,,40.0,Burt's Bees,,"B07J6QLTTX (Burts Bees Multipurpose Wipes with Honey, 50 Count - 3-Pack)",[],True,True,True,False,Grooming,612.0,B07J6QLTTX,2025-10-19,,,,,
In Stock,ACTIVE,1.75,151.0,21.57,7.0,4.0,10.0,0.0,True,,4.6,1417.0,21.57,,,39.0,Burt's Bees,,"B07J6QLTTX (Burts Bees Multipurpose Wipes with Honey, 50 Count - 3-Pack)",[],True,False,True,False,Grooming,623.0,B07J6QLTTX,2025-10-18,,,,,
In Stock,ACTIVE,1.6,173.0,21.57,8.0,5.0,10.0,0.0,True,,4.6,1416.0,23.97,,,38.0,Burt's Bees,,"B07J6QLTTX (Burts Bees Multipurpose Wipes with Honey, 50 Count - 3-Pack)",[],True,True,True,False,Grooming,625.0,B07J6QLTTX,2025-10-17,,,,,
In Stock,ACTIVE,0.75,72.0,23.97,3.0,4.0,10.0,0.0,True,,4.6,1415.0,23.97,,,36.0,Burt's Bees,,"B07J6QLTTX (Burts Bees Multipurpose Wipes with Honey, 50 Count - 3-Pack)",[],True,True,True,False,Grooming,627.0,B07J6QLTTX,2025-10-16,,,,,
In Stock,ACTIVE,0.286,48.0,23.97,2.0,7.0,10.0,0.0,True,,4.6,1415.0,23.97,,,37.0,Burt's Bees,,"B07J6QLTTX (Burts Bees Multipurpose Wipes with Honey, 50 Count - 3-Pack)",[],True,True,True,False,Grooming,634.0,B07J6QLTTX,2025-10-15,,,,,
In Stock,ACTIVE,1.6,192.0,23.97,8.0,5.0,10.0,0.0,True,,4.6,1415.0,23.97,,,35.0,Burt's Bees,,"B07J6QLTTX (Burts Bees Multipurpose Wipes with Honey, 50 Count - 3-Pack)",[],True,True,True,False,Grooming,642.0,B07J6QLTTX,2025-10-14,,,,,
In Stock,ACTIVE,0.0,0.0,,0.0,8.0,10.0,0.0,True,,4.6,1414.0,23.97,,,36.0,Burt's Bees,,"B07J6QLTTX (Burts Bees Multipurpose Wipes with Honey, 50 Count - 3-Pack)",[],True,True,True,False,Grooming,650.0,B07J6QLTTX,2025-10-13,,,,,
In Stock,ACTIVE,1.071,351.0,23.43,15.0,14.0,10.0,0.0,True,,4.6,1413.0,23.97,,,38.0,Burt's Bees,,"B07J6QLTTX (Burts Bees Multipurpose Wipes with Honey, 50 Count - 3-Pack)",[],True,True,True,False,Grooming,665.0,B07J6QLTTX,2025-10-12,,,,,
In Stock,ACTIVE,0.833,120.0,23.97,5.0,6.0,10.0,0.0,True,,4.6,1412.0,23.97,,,37.0,Burt's Bees,,"B07J6QLTTX (Burts Bees Multipurpose Wipes with Honey, 50 Count - 3-Pack)",[],True,True,True,False,Grooming,674.0,B07J6QLTTX,2025-10-11,,,,,
In Stock,ACTIVE,1.25,120.0,23.97,5.0,4.0,10.0,0.0,True,,4.6,1411.0,23.97,,,42.0,Burt's Bees,,"B07J6QLTTX (Burts Bees Multipurpose Wipes with Honey, 50 Count - 3-Pack)",[],True,True,True,False,Grooming,671.0,B07J6QLTTX,2025-10-10,,,,,
In Stock,ACTIVE,1.077,336.0,23.97,14.0,13.0,10.0,0.0,True,,4.6,1411.0,23.97,,,35.0,Burt's Bees,,"B07J6QLTTX (Burts Bees Multipurpose Wipes with Honey, 50 Count - 3-Pack)",[],True,True,True,False,Grooming,691.0,B07J6QLTTX,2025-10-09,,,,,
In Stock,ACTIVE,1.0,168.0,23.97,7.0,7.0,10.0,0.0,True,,4.6,1411.0,23.97,,,36.0,Burt's Bees,,"B07J6QLTTX (Burts Bees Multipurpose Wipes with Honey, 50 Count - 3-Pack)",[],True,True,True,False,Grooming,688.0,B07J6QLTTX,2025-10-08,,,,,
In Stock,ACTIVE,0.667,282.0,23.47,12.0,18.0,10.0,0.0,True,,4.6,1411.0,23.97,,,39.0,Burt's Bees,,"B07J6QLTTX (Burts Bees Multipurpose Wipes with Honey, 50 Count - 3-Pack)",[],True,True,True,False,Grooming,701.0,B07J6QLTTX,2025-10-07,,,,,
In Stock,ACTIVE,0.455,120.0,23.97,5.0,11.0,10.0,0.0,True,,4.6,1411.0,23.97,,,37.0,Burt's Bees,,"B07J6QLTTX (Burts Bees Multipurpose Wipes with Honey, 50 Count - 3-Pack)",[],True,True,True,False,Grooming,712.0,B07J6QLTTX,2025-10-06,,,,,
In Stock,ACTIVE,1.5,216.0,23.97,9.0,6.0,10.0,0.0,True,,4.6,1410.0,23.97,,,37.0,Burt's Bees,,"B07J6QLTTX (Burts Bees Multipurpose Wipes with Honey, 50 Count - 3-Pack)",[],True,True,True,False,Grooming,715.0,B07J6QLTTX,2025-10-05,,,,,
In Stock,ACTIVE,1.0,240.0,23.97,10.0,10.0,10.0,0.0,True,,4.6,1409.0,23.97,,,38.0,Burt's Bees,,"B07J6QLTTX (Burts Bees Multipurpose Wipes with Honey, 50 Count - 3-Pack)",[],True,True,True,False,Grooming,733.0,B07J6QLTTX,2025-10-04,,,,,
In Stock,ACTIVE,0.333,48.0,23.97,2.0,6.0,10.0,0.0,True,,4.6,1408.0,23.97,,,34.0,Burt's Bees,,"B07J6QLTTX (Burts Bees Multipurpose Wipes with Honey, 50 Count - 3-Pack)",[],True,True,True,False,Grooming,738.0,B07J6QLTTX,2025-10-03,,,,,
